token.__init__


>>> print raws.token('DISPLAY_COLOR:6:0:1')
[DISPLAY_COLOR:6:0:1]
>>> print raws.token(value='DISPLAY_COLOR', args=['6', '0', '1'])
[DISPLAY_COLOR:6:0:1]
>>> print repr(raws.token(value='EXAMPLE', arg='TOKEN', suffix=' hiya'))
[EXAMPLE:TOKEN] hiya

---

token.__str__ token.__repr__
token.__init__

>>> token = raws.token('prefix [HI] suffix')
>>> print str(token)
[HI]
>>> print repr(token)
prefix [HI] suffix

---

token.__eq__ token.__ne__
token.__init__

>>> example_a = raws.token('EXAMPLE')
>>> example_b = raws.token('EXAMPLE')
>>> example_c = raws.token('ANOTHER_EXAMPLE')
>>> example_d = raws.token('ANOTHER_EXAMPLE')
>>> example_a == example_a
True
>>> example_a == example_b
True
>>> example_a == example_c
False
>>> example_c == example_d
True
>>> print example_a != example_b
False
>>> print example_a != example_c
True
>>> example_a is example_a
True
>>> example_a is example_b
False

---

token.__gt__ token.__lt__ token.__ge__ token.__le__
queryableobj.getobj

>>> elf = df.getobj('CREATURE:ELF')
>>> goblin = df.getobj('CREATURE:GOBLIN') # goblins are defined after elves in creature_standard
>>> print elf > goblin
False
>>> print elf < goblin
True
>>> print elf > elf
False
>>> print elf >= elf
True
>>> print elf < elf
False
>>> print elf <= elf
True

---

token.__add__ token.__radd__
token.__init__

>>> one = raws.token('NUMBER:ONE')
>>> two = raws.token('NUMBER:TWO')
>>> three = raws.token('NUMBER:THREE')
>>> tokens = one + two + three
>>> print tokens
[NUMBER:ONE][NUMBER:TWO][NUMBER:THREE]
>>> zero = raws.token('NUMBER:ZERO')
>>> print zero + tokens
[NUMBER:ZERO][NUMBER:ONE][NUMBER:TWO][NUMBER:THREE]

---

token.getprefix token.getsuffix token.setprefix token.setsuffic
token.__init__

>>> token = raws.token('This is a comment [EXAMPLE] so is this')
>>> print token
[EXAMPLE]
>>> print token.getprefix()
This is a comment 
>>> print token.getsuffix()
 so is this

>>> token.setprefix('Hi ')
>>> token.setsuffix(' there')
>>> print repr(token)
Hi [EXAMPLE] there
>>> token.setsuffix('bad string [ braces not allowed here')
Traceback (most recent call last):
  File "<stdin>", line 1, in <module>
  File "raws/token.py", line 462, in setsuffix
    return copiedtokens
ValueError: Failed to set token suffix to "bad string [ braces not allowed here" because the string contains illegal characters.
